"session=deadbeef; theme=dark"
  session -> "deadbeef"
  theme -> "dark"
"  spaced = value ; other=1"
  spaced  -> " value"
  other -> "1"
"novalue; session=abc"
  session -> "abc"
""
  (none)

lookup session -> deadbeef
lookup missing -> absent

a session id (seeded, therefore insecure)
  000cae241b87b28e57f760754dc1d2fd

Set-Cookie: session=0123456789abcdef0123456789abcdef; HttpOnly; Secure; SameSite=Lax; Path=/; Max-Age=3600
