



                %                           .:===:.
            %%%%%%%%%                     -*%%%%%%%*-
          %%%%%%%%%%%%%                 :#%%%%%%%%%%%#:
         %%%%%%%%%%%%%%%               -%%%%%%%%%%%%%%%-
        %%%%%%%%%%%%%%%%%             -%%%%%%%%%%%%%%%%%-
       %%%%%%%%%%%%%%%%%%%           :%%%%%%%%%%%%%%%%%%%:
      %%%%%%%%%%%%%%%%%%%%%          #%%%%%%%%%%%%%%%%%%%#
      %%%%%%%%%%%%%%%%%%%%%         -%%%%%%%%%%%%%%%%%%%%%-
     %%%%%%%%%%%%%%%%%%%%%%%        *%%%%%%%%%%%%%%%%%%%%%*
     %%%%%%%%%%%%%%%%%%%%%%%       .%%%%%%%%%%%%%%%%%%%%%%%.
     %%%%%%%%%%%%%%%%%%%%%%%       :%%%%%%%%%%%%%%%%%%%%%%%:
     %%%%%%%%%%%%%%%%%%%%%%%       =%%%%%%%%%%%%%%%%%%%%%%%=
    %%%%%%%%%%%%%%%%%%%%%%%%%      =%%%%%%%%%%%%%%%%%%%%%%%=
     %%%%%%%%%%%%%%%%%%%%%%%       =%%%%%%%%%%%%%%%%%%%%%%%=
     %%%%%%%%%%%%%%%%%%%%%%%       :%%%%%%%%%%%%%%%%%%%%%%%:
     %%%%%%%%%%%%%%%%%%%%%%%       .%%%%%%%%%%%%%%%%%%%%%%%.
     %%%%%%%%%%%%%%%%%%%%%%%        *%%%%%%%%%%%%%%%%%%%%%*
      %%%%%%%%%%%%%%%%%%%%%         -%%%%%%%%%%%%%%%%%%%%%-
      %%%%%%%%%%%%%%%%%%%%%          #%%%%%%%%%%%%%%%%%%%#
       %%%%%%%%%%%%%%%%%%%           :%%%%%%%%%%%%%%%%%%%:
        %%%%%%%%%%%%%%%%%             -%%%%%%%%%%%%%%%%%-
         %%%%%%%%%%%%%%%               -%%%%%%%%%%%%%%%-
          %%%%%%%%%%%%%                 :#%%%%%%%%%%%#:
            %%%%%%%%%                     -*%%%%%%%*-
                %                           .:===:.




left: hard test. right: 16 samples per pixel.

coverage across the right circle's edge, row y=16:
  x=56: 16/16 -> alpha 255
  x=57: 16/16 -> alpha 255
  x=58: 16/16 -> alpha 255
  x=59:  8/16 -> alpha 127
  x=60:  0/16 -> alpha   0
  x=61:  0/16 -> alpha   0
