                                                
40  |                    ###                    
    |                    ###                    
    |                    ###                    
    |                    ###                    
    |     ###            ###                    
    |     ###            ###       ###          
    |     ###  ###       ###       ###          
    |     ###  ###       ###       ###          
    |     ###  ###       ###  ###  ###          
    |     ###  ###       ###  ###  ###          
    |###  ###  ###       ###  ###  ###          
    |###  ###  ###       ###  ###  ###          
    |###  ###  ###  ###  ###  ###  ###          
0   |###  ###  ###  ###  ###  ###  ###          
    +------------------------------------------ 
      a    b    c    d    e    f    g           

max is 40, plot is 14 rows tall
  a =  12  ->  4 rows
  b =  31  ->  10 rows
  c =  24  ->  8 rows
  d =   8  ->  2 rows
  e =  40  ->  14 rows
  f =  19  ->  6 rows
  g =  27  ->  9 rows
