


                    *
               ***********
              ****** ******
            ****         ****                #
           ***             ***           #########
          ***               ***        #############
          **        #        **       ###############
         **      #######      **     #################
        ***     #########     ***    #################
        **     ###########     **   ###################
        **    #############    **   ###################
        **    #############    **   ###################
        **    #############    **   ###################
       **    ###############    ** #####################
        **    #############    **   ###################
        **    #############    **   ###################
        **    #############    **   ###################
        **     ###########     **   ###################
        ***     #########     ***    #################
         **      #######      **     #################        +
          **        #        **       ###############      +++++
          ***               ***        #############     +++++++
           ***             ***           #########      ++++++++
            ****         ****                #          ++++++++
              ****** ******                            +++++++++
               ***********                             +++++++++
                    *                                  +++++++++
                                                      ++++++++++
                                                       +++++++++

full-buffer scan, r=7:  2048 pixels tested
bounding box,     r=10: 441 pixels tested
a circle of r=10 covers about 314 pixels
