sepia:
                        ........................................
                      ..........................................
                    ............................................
                  ..........................=...................
                .........................=======................
              ..........................=========...............
        %%%%%%%%%%%%%%%%%..............===========..............
        %%%%%%%%%%%%%%%%%.............=============...........::
        %%%%%%%%%%%%%%%%%.............=============.........::::
      ..%%%%%%%%%%%%%%%%%.............=============.......::::::
    ....%%%%%%%%%%%%%%%%%............===============....::::::::
  ......%%%%%%%%%%%%%%%%%.............=============...::::::::::
........%%%%%%%%%%%%%%%%%.............=============.::::::::::::
........%%%%%%%%%%%%%%%%%.............=============:::::::::::::
........%%%%%%%%%%%%%%%%%..............===========::::::::::::::
........................................=========:::::::::::::::
.........................................=======::::::::::::::::
..........................................::=:::::*:::::::::::::
........................................:::::::*******::::::::::
......................................::::::::*********:::::::::
....................................:::::::::***********::::::::
..................................:::::::::::***********::::::::
................................:::::::::::::***********::::::::
..............................::::::::::::::*************:::::::
............................:::::::::::::::::***********::::::::
..........................:::::::::::::::::::***********::::::::
........................:::::::::::::::::::::***********::::::::
......................::::::::::::::::::::::::*********:::::::::
....................:::::::::::::::::::::::::::*******::::::::::
..................::::::::::::::::::::::::::::::::*:::::::::::::
................::::::::::::::::::::::::::::::::::::::::::::::::
..............::::::::::::::::::::::::::::::::::::::::::::::::::

     red disc:  identity 230, 40, 40  sat 0  97, 97, 97  sat 200% 255,  0,  0  sepia 129,114, 89
   green disc:  identity  40,220, 90  sat 0 151,151,151  sat 200%   0,255, 28  sepia 201,180,140
 yellow block:  identity 255,220, 60  sat 0 212,212,212  sat 200% 255,227,  0  sepia 255,249,195

luma under saturation (original, sat 0, sat 200%)
     red disc:  97  97  76
   green disc: 151 151 152
 yellow block: 212 212 209

two passes vs one composed matrix: 1560 of 2048 pixels differ, by at most 1

sepia . saturation(62%) =
  +100 +198  +43
   +89 +177  +38
   +70 +138  +30
