gaussian 3x3, three passes:
                                        ........................
                                      ..........................
                                    ............................
                                  .........:::..................
        ..................      .........::::::::...............
       .:::------------::..   ..........::-----:::..............
      .:-=+++++++++++++=-:.............::-------:::.............
      .:=***************=:............::---------::.............
      .-+*#############*+-............:-----------::............
      .-+*#############*+-...........::-----------::............
      .-+*#############*+-...........::-----------::............
      .-+*#############*+-...........::-----------::............
      .-+*#############*+-...........::-----------::............
      .:=***************=-............::---------:::............
      .:-=+++++++++++++=-:............::---------::.............
      ..::--------------:..............:::------:::.............
      ..................................::::::::::::::..........
      ...................................::::::-----::::........
    ........................................::--=====--::.......
  ..........................................:--===+===--::......
............................................:-==++++++=-::......
...........................................::-=+++++++==-::...::
...........................................:-==+++++++==-:::::::
...........................................:-=+++++++++=-:::::::
...........................................:-==+++++++==-:::::::
...........................................:-==+++++++==-:::::::
...........................................::-=+++++++=-::::::::
...........................................::--===+===--::::::::
............................................::--=====--:::::::::
............................................::::-----:::::::::::
............................................::::::::::::::::::::
...........................................:::::::::::::::::::::

sobel magnitude:


                                           :::
                                        :==*=*==:
                                       :**==:==**:
       *@@@@@@@@@@@@@@@@@*            :**:     :**:
       @@@@@@@@@@@@@@@@@@@           :**:       :**:
       @@               @@           =*:         :*=
       @@               @@           ==           --
       @@               @@          :*=           -+.
       @@               @@          :=:           .-.
       @@               @@          :*=           -+.
       @@               @@           ==           --
       @@               @@           -+.         .+-
       @@@@@@@@@@@@@@@@@@@           .++.       .++.
       *@@@@@@@@@@@@@@@@@*            .++.     .++.
                                       .++--.--++:--
                                        .--+-+--#@#@##-
                                           ..:@@##-##@@-
                                            -@@-     -@@-
                                            #@-       -@*
                                            ##         **
                                           -@#         *@-
                                           -#-         -*-
                                           -@*         *@-
                                            **         **
                                            *@-       -@*
                                            -@@-     -@@-
                                             -@@**-**@@-
                                              -**@*@**-
                                                 ---


           point |    gx    gy  |gx|+|gy|
  block interior |    +0    +0         0
 block left edge |  +749    +1       750
  block top edge |    +1  +751       752

luma along y=10, x=5..12
     x |    5    6    7    8    9   10   11   12
  orig |   24   24   25  212  212  212  212  212
 sharp |   25   23    6  233  212  212  212  212

pixel (9,7) into a second buffer: 255 220 60
pixel (9,7) in place:             231 199 58

pixel (40,20) 3x3 in one pass: 42 42 94
pixel (40,20) as two 1D passes: 42 42 93
