                                                            
 ##### #####  ###         ###   ###   ###    ##             
     #   #   #   #       #   # #   # #   #  #               
    #    #   #               # #  ##     # #                
   #     #   # ###          #  # # #    #  ####             
  #      #   #   #         #   ##  #   #   #   #            
 #       #   #   #        #    #   #  #    #   #            
 ##### #####  ###        #####  ###  #####  ###             
                                                            
  ***   ***    **                                           
 *   * *   *  *                                             
     * *  ** *                                              
    *  * * * ****                                           
   *   **  * *   *                                          
  *    *   * *   *                                          
 *****  ***   ***                                           

"ZIG 2026" is 8 glyphs and ended at column 49
each glyph is 5x7 bits, so the whole font above is 49 bytes
