buffer: 64x32 pixels, 8192 bytes
(0, 0)   -> index 0
(1, 0)   -> index 1
(0, 1)   -> index 64  (one whole row later)
(63, 31) -> index 2047  = 0xFFFF50

                 .......................:::::::::::::::::::::::-
             .......................:::::::::::::::::::::::-----
         .......................:::::::::::::::::::::::---------
     .......................:::::::::::::::::::::::-------------
 ........................:::::::::::::::::::::::----------------
....................:::::::::::::::::::::::---------------------
................::::::::::::::::::::::::-----------------------=
.............:::::::::::::::::::::::-----------------------=====
.........:::::::::::::::::::::::------------------------========
....:::::::::::::::::::::::------------------------=============
:::::::::::::::::::::::------------------------=================
::::::::::::::::::::-----------------------=====================
::::::::::::::::------------------------=======================+
::::::::::::------------------------=======================+++++
::::::::-----------------------=======================++++++++++
::::------------------------=======================+++++++++++++
------------------------=======================+++++++++++++++++
--------------------=======================+++++++++++++++++++++
----------------=======================+++++++++++++++++++++++**
------------=======================+++++++++++++++++++++++******
--------=======================+++++++++++++++++++++++**********
----=======================+++++++++++++++++++++++**************
=======================+++++++++++++++++++++++******************
===================+++++++++++++++++++++++**********************
===============+++++++++++++++++++++++************************##
===========+++++++++++++++++++++++************************######
=======+++++++++++++++++++++++************************##########
===+++++++++++++++++++++++************************##############
++++++++++++++++++++++************************##################
++++++++++++++++++************************######################
++++++++++++++************************#######################%%%
++++++++++************************#######################%%%%%%%
