original
  0.. 15 | 20
 16.. 31 |################## 376
 32.. 47 |######################################## 821
 48.. 63 |################### 391
 64.. 79 |# 25
 80.. 95 | 0
 96..111 |####### 149
112..127 | 0
128..143 | 0
144..159 |##### 113
160..175 | 0
176..191 | 0
192..207 | 0
208..223 |####### 153
224..239 | 0
240..255 | 0

1st percentile: 15   99th percentile: 212

  in | levels equalize
   0 |      0        0
  32 |     22       53
  64 |     63      200
  96 |    104      203
 128 |    146      221
 160 |    187      235
 192 |    229      235
 224 |    255      255
 255 |    255      255

equalized:
                                ...............::::::::::-------
                              ...............::::::::::---------
                            ...............::::::::::----------=
                          ...............:::=::::::----------===
                        ...............::=======:----------=====
                      ...............:::=========--------=======
        %%%%%%%%%%%%%%%%%..........::::===========-----=========
        %%%%%%%%%%%%%%%%%........:::::=============--=========++
        %%%%%%%%%%%%%%%%%......:::::::======================++++
        %%%%%%%%%%%%%%%%%....:::::::::====================++++++
        %%%%%%%%%%%%%%%%%..::::::::::===================++++++++
        %%%%%%%%%%%%%%%%%::::::::::---================++++++++++
        %%%%%%%%%%%%%%%%%::::::::-----==============++++++++++++
      ..%%%%%%%%%%%%%%%%%::::::-------=============+++++++++++++
    ....%%%%%%%%%%%%%%%%%::::----------===========++++++++++++++
  ...............::::::::::----------============+++++++++++++++
...............::::::::::----------=============++++++++++++++**
.............::::::::::----------=========++=+++++*+++++++++****
...........::::::::::----------=========+++++++*******++++******
.........::::::::::----------=========++++++++*********+********
.......::::::::::----------=========+++++++++*******************
.....::::::::::----------=========+++++++++++*******************
...::::::::::----------=========+++++++++++++*******************
.::::::::::----------=========++++++++++++++********************
:::::::::----------=========+++++++++++++++++*******************
:::::::----------=========++++++++++++++++++********************
:::::----------=========++++++++++++++++++**********************
:::----------=========++++++++++++++++++************************
:----------=========++++++++++++++++++**************************
---------=========++++++++++++++++++****************************
-------=========++++++++++++++++++******************************
-----=========++++++++++++++++++********************************

after equalization
  0.. 15 |################## 140
 16.. 31 |################ 120
 32.. 47 |########### 85
 48.. 63 |#################### 155
 64.. 79 |############## 111
 80.. 95 |################### 144
 96..111 |########## 77
112..127 |######################### 188
128..143 |######################################## 300
144..159 |################### 148
160..175 |##################### 161
176..191 |################################### 266
192..207 | 0
208..223 | 0
224..239 |#################### 153
240..255 | 0

red disc before:    230, 40, 40  R/B = 5.75
levels per channel: 255, 32, 32  R/B = 7.96
levels on luma:     251, 43, 43  R/B = 5.83
