@@@@@@@@@@@@@@@@@@@@@@@@@@@@@@@@@@@@@@@@@@@@@@@@@@@@@@@@@@@@@@@@
@ ####  ##  #   #   #   #  #   #   #   #  #   #   #  ##  ##    @
@   ####  #  ##  #   #  #   #  #   #  #   #  #   #  #  ##      @
@     #### ##  #  #  #   #  #  #  #   #  #  #  ## ##  #        @
@       #### ## #  #  #  #  #  #  #  #  #  #  #  #  ##         @
@         ###  # ## #  #  #  # #  #  #  # #  #  # ##           @
@           ### ## # #  # #  # #  # #  # #  # ## #             @
@             ### # # #  # # # #  # # # #  # # ##              @
@               ########## # # #  # # # #######                @
@                 #### # ## # # ## # # ## ###                  @
@                   ##### ## ## ## ## #####                    @
@                     ######### #### #####                     @
@                       ################                       @
@                         ############                         @
@                           #########                          @
@                             #####                            @
@                               **                             @
@                             ******                           @
@                           **********                         @
@                         **************                       @
@                       ******************                     @
@                     ******** *** *********                   @
@                   ***** ** ** * ** ** ******                 @
@                  * * * ** * * * * * ** * * ***               @
@                ******** * * * * * * * **********             @
@              **** * *  * *  * * *  * *  * * ******           @
@            ** *  * *  *  * *  *  * *  *  * *  * ****         @
@          ** ** ** *  *  *  *  *  *  *  *  * ** ** ****       @
@        **  *  *  *  *   *  *  *  *  *   *  *  *  *  ****     @
@      **  **  *  *   *  *   *  *  *   *  *   *  *  **  ****   @
@    **  **  **  *   *   *  *   *   *  *   *   *  **  **  **** @
@@@@@@@@@@@@@@@@@@@@@@@@@@@@@@@@@@@@@@@@@@@@@@@@@@@@@@@@@@@@@@@@

(0,0)->(40,10): 41 pixels
(0,0)->(10,30): 31 pixels
(0,0)->(20,20): 21 pixels
(40,10)->(0,0): 41 pixels (same line, drawn backwards)
