6% salt and pepper:
                                     @@.. ..... ................
             @                     ...@....................... .
                                 ........@.......... ..........@
    @                          ............. ..@................
                             .. .........-------.... ...........
       @      @@           .............---------...............
        ##@##############...@.........@------@----..............
        ######## ########........ ....-------------........ ....
        #################.... .......@@--- ---@----...... .....@
          #######@###@# #.............-------------.............
        ### #@ ##########..... ......---------------............
  @     #################..........@ .---@---------.............
        #### ############.............-------------.............
        #################........  @..----------@--....@... ....
        ###########@@####...... .......------- --- .............
       ...... ....... ...............@.. -------@..@...........@
     ....................................-------.. .............
   ...............@............@.. ........ -@....+............@
 .................................@............++ ++++..........
..@.........................@@...............@+++++++++..@.....:
........@... . ....@.........................+++++++++++@....:::
@........ ......@...........@................+++++++++++...:::::
 ........ .............................@.....+++++++++++.:::::::
...................... .......... .@..@.... +++++++++++++::::@::
....@..............@.@.......................+++++ +++++::::::::
..@........@......@......... .@..............+++++++++++::::::::
............@................................+++@+++++++:::@::::
@............... ....@........................ ++++++++::@::::::
................ @.....@.....................::+++++++:::: :::::
....................@......................:::::::+:::::::: ::::
.........................................::: :::::::::::::::::::
....@.....@..@..... ...................:::::::::::::::::::::@@::

median 3x3:
                                    .@@.........................
                                   .............................
                                 ...............................
                                ................................
                             ............-------................
              ##           .............---------...............
        ################...............-----------..............
        #################.............-------------.............
         ################.............-------------.............
         ################............--------------.............
         ################.............-------------.............
        #################.............-------------.............
        #################.............-------------.............
        #################.............-------------.............
        .###############...............-----------..............
       .................................---------...............
     .....................................------................
   .........................................---.................
 .............................................++++++++..........
..............................................+++++++++........:
.............................................+++++++++++.....:::
.............................................+++++++++++:..:::::
.............................................+++++++++++::::::::
.............................................+++++++++++::::::::
.............................................+++++++++++::::::::
.............................................+++++++++++::::::::
..............................................++++++++++::::::::
..............................................+++++++++:::::::::
.............................................:::++++++::::::::::
............................................::::::::::::::::::::
.........................................:::::::::::::::::::::::
........................................::::::::::::::::::::::::

            black white  mean luma error vs clean
     noisy:    54    75        9.03
  gaussian:     0     0       11.80
    median:     0     2        1.59

luma along y=10, x=5..12 (the block's left edge)
     x    |    5    6    7    8    9   10   11   12
 original |   24   24   25  212  212  212  212  212
 gaussian |   23   24   71  165  212  212  212  212
   median |   24   24   25  212  212  212  212  212

pixels brighter than 200: 153 before, 105 after erosion, 209 after dilation
