original:
                                     ...........................
                                   .............................
                                 ...............................
                               .............-...................
                             ............-------................
                           .............---------...............
        #################..............-----------..............
        #################.............-------------.............
        #################.............-------------.............
        #################.............-------------.............
        #################............---------------............
        #################.............-------------.............
        #################.............-------------.............
        #################.............-------------.............
        #################..............-----------..............
       .................................---------...............
     ....................................-------................
   .........................................-.....+.............
 ..............................................+++++++..........
..............................................+++++++++........:
.............................................+++++++++++.....:::
.............................................+++++++++++...:::::
.............................................+++++++++++.:::::::
............................................+++++++++++++:::::::
.............................................+++++++++++::::::::
.............................................+++++++++++::::::::
.............................................+++++++++++::::::::
..............................................+++++++++:::::::::
.............................................::+++++++::::::::::
...........................................:::::::+:::::::::::::
.........................................:::::::::::::::::::::::
.......................................:::::::::::::::::::::::::

brightness(+30) then contrast(x1.56):
                                                  ..............
                                                ................
                                              ..................
                                            -...................
                                         -------................
                                        ---------...............
        %%%%%%%%%%%%%%%%%             .-----------..............
        %%%%%%%%%%%%%%%%%           ..-------------.............
        %%%%%%%%%%%%%%%%%         ....-------------.............
        %%%%%%%%%%%%%%%%%       ......-------------.............
        %%%%%%%%%%%%%%%%%     .......---------------............
        %%%%%%%%%%%%%%%%%   ..........-------------.............
        %%%%%%%%%%%%%%%%% ............-------------.............
        %%%%%%%%%%%%%%%%%.............-------------.............
        %%%%%%%%%%%%%%%%%..............-----------.............:
                    ....................---------............:::
                  .......................-------...........:::::
                ............................-.....*......:::::::
              .................................*******.:::::::::
            ..................................*********:::::::::
          ...................................***********::::::::
        .....................................***********::::::::
      .......................................***********::::::::
    ........................................*************:::::::
  .........................................::***********::::::::
.........................................::::***********::::::::
.......................................::::::***********::::::::
.....................................:::::::::*********:::::::::
...................................::::::::::::*******::::::::::
.................................:::::::::::::::::*:::::::::::::
...............................:::::::::::::::::::::::::::::::::
.............................:::::::::::::::::::::::::::::::::::

  in |  ident invert    +40     x2 thresh
   0 |      0    255     40      0      0
  64 |     64    191    104      0      0
 128 |    128    127    168    128    255
 192 |    192     63    232    255    255
 255 |    255      0    255    255    255

250 +| 10 = 255   250 +% 10 = 4
composed table differs from two passes at 0 of 256 inputs

luma of the red disc: 97 (not (r+g+b)/3 = 103)
