body at (4, 3)
............................................
.....oooo...................................
.....oooo...................................
....######..................................
.===######===...............................
....######..................................
....######..................................
............................................
............................................
............................................
............................................
............................................

body moved to (26, 5), and only that line changed
............................................
............................................
............................................
...........................oooo.............
...........................oooo.............
..........................######............
.......................===######===.........
..........................######............
..........................######............
............................................
............................................
............................................
