....,,,,....,,,,....,,,,....,,,,....,,,,
....,,,,....,,,,....,,,,....,,,,....,,,,
,,,,.A..,,,,....,,,,....,,,,....,,,,....
,,,,AAA.,,,,....,,,,....,,,,....,,,,....
...AABAA....,,,,....,,,,....,,,,....,,,,
..AAAAAAA...,,,,....,,,,....,,,,....,,,,
,,,A...A,,,,....,A,,....,,,,....,,,,....
,,,,....,,,,....AAA,....,,,,....,,,,....
....,,,,....,,,AABAA,,,,....,,,,....,,,,
....,,,,....,,AAAAAAA,,,....,,,,....,,,A
,,,,....,,,,...A,,,A....,,,,....,,,,..AA
,,,,....,,,,....,,,,....,,,,....,,,,.AAB
....,,,,....,,,,....,,,,....,,,,....AAAA
....,,,,....,,,,....,,,,....,,,,....,A,,

the sprite is 7x5 = 35 bytes
18 of those pixels are drawn, 17 are skipped
