the whole framebuffer
............................................................
............................................................
..**************************....==========================..
..**************************....==========================..
..**************************....==========================..
..**************************....===%%%%%%%%%%%%%%=========..
..**************************....===%%%%%%%%%%%%%%=========..
..****----------------------....===%%%%%%%%%%%%%%=========..
..****----------------------....===%%%%%%%%%%%%%%=========..
..****----------------------....===%%%%%%%%%%%%%%=========..
..**************************....===%%%%%%%%%%%%%%=========..
..**************************....==========================..
..**************************....==========================..
..**************************....==========================..
..**************************....==========================..
..**************************....==========================..
............................................................
............................................................

the right panel alone, same memory
==========================
==========================
==========================
===%%%%%%%%%%%%%%=========
===%%%%%%%%%%%%%%=========
===%%%%%%%%%%%%%%=========
===%%%%%%%%%%%%%%=========
===%%%%%%%%%%%%%%=========
===%%%%%%%%%%%%%%=========
==========================
==========================
==========================
==========================
==========================

           width  height  stride
root          60      18      60
left          26      14      60
right         26      14      60
inset         14       6      60
