uv 0..1, and uv 0..2 wrapped
  ******......%%%%%%......      ***...%%%...***...%%%...
  ******......%%%%%%......      ***...%%%...***...%%%...
  ******......%%%%%%......      ...%%%...%%%...%%%...%%%
  ******......%%%%%%......      ...%%%...%%%...%%%...%%%
  ......%%%%%%......%%%%%%      %%%...%%%...%%%...%%%...
  ......%%%%%%......%%%%%%      %%%...%%%...%%%...%%%...
  ......%%%%%%......%%%%%%      ...%%%...%%%...%%%...%%%
  ......%%%%%%......%%%%%%      ...%%%...%%%...%%%...%%%
  %%%%%%......%%%%%%......      ***...%%%...***...%%%...
  %%%%%%......%%%%%%......      ***...%%%...***...%%%...
  %%%%%%......%%%%%%......      ...%%%...%%%...%%%...%%%
  %%%%%%......%%%%%%......      ...%%%...%%%...%%%...%%%
  ......%%%%%%......%%%%%%      %%%...%%%...%%%...%%%...
  ......%%%%%%......%%%%%%      %%%...%%%...%%%...%%%...
  ......%%%%%%......%%%%%%      ...%%%...%%%...%%%...%%%
  ......%%%%%%......%%%%%%      ...%%%...%%%...%%%...%%%

the same uv on a trapezoid, and the seam it produces
                  *******.....%%%%%%......
                 *********.....%%%%%%......
                ***********.....%%%%%%......
               *************.....%%%%%%......
              ..............%%%%%%......%%%%%%
             ..............%%%%%%%%......%%%%%%
            ..............%%%%%%%%%%......%%%%%%
           ..............%%%%%%%%%%%%......%%%%%%
          %%%%%%%%%%%%%%.............%%%%%%%......
         %%%%%%%%%%%%%%.............%%%%%%%%%......
        %%%%%%%%%%%%%%.............%%%%%%%%%%%......
       %%%%%%%%%%%%%%.............%%%%%%%%%%%%%......
      ..............%%%%%%%%%%%%%..............%%%%%%%
     ..............%%%%%%%%%%%%%..............%%%%%%%%%
    ..............%%%%%%%%%%%%%..............%%%%%%%%%%%
   ..............%%%%%%%%%%%%%..............%%%%%%%%%%%%%
