

                              @
                             %%
                            %%%                               #
                           %%%%%                             ##
                          ####%%                            ###
                         #######%                          ####
                        #########                         #####
                       **########                        ######
                      ******######                      #######
                     **********###                     ########
                    +*************#                  ##########
                   +++++***********                 ###########
                  +++++++++*********               ############
                 ++++++++++++*******              #############
                ====++++++++++++****             ##############
               =======++++++++++++++*           ###############
              ===========++++++++++++          ################
             --==============+++++++++        #################
            ------=============+++++++      ###################
           -----------============++++        #################
          :-------------=============++         ###############
         :::::-------------============           #############
        :::::::::-------------==========            ###########
       :::::::::::::-------------=======             ##########
      ....:::::::::::::-------------=====              ########
     ........::::::::::                                  ######
    .                                                      ####
                                                             ##
                                                              #


edge value below the line ab: 40
edge value on the line ab:    0
edge value above the line ab: -40
