as written

..................................................
.Zig############################################..
.###############################################..
.###############################################..
..................................................
..alphaoooooooooooooooooooooooooooooooooooooooo...
..ooooooooooooooooooooooooooooooooooooooooooooo...
..betaooooooooooooooooooooooooooooooooooooooooo...
..ooooooooooooooooooooooooooooooooooooooooooooo...
..................................................
.footer-----------------------------------------..
.-----------------------------------------------..
..................................................
..................................................
..................................................

11 nodes, 4 rules, 11 boxes

with h1 twice as tall, and nothing else touched

..................................................
.Zig############################################..
.###############################################..
.###############################################..
.###############################################..
.###############################################..
.###############################################..
..................................................
..alphaoooooooooooooooooooooooooooooooooooooooo...
..ooooooooooooooooooooooooooooooooooooooooooooo...
..betaooooooooooooooooooooooooooooooooooooooooo...
..ooooooooooooooooooooooooooooooooooooooooooooo...
..................................................
.footer-----------------------------------------..
.-----------------------------------------------..

11 nodes, 4 rules, 11 boxes
