..................................................
.Title==========================================..
.===============================================..
.===============================================..
.===============================================..
.-----------------------------------------------..
.-Oneoooooooooooooooooooooooooooooooooooooooooo-..
.-ooooooooooooooooooooooooooooooooooooooooooooo-..
.-Twooooooooooooooooooooooooooooooooooooooooooo-..
.-ooooooooooooooooooooooooooooooooooooooooooooo-..
.-----------------------------------------------..
..................................................
..................................................
..................................................
..................................................

#page painted first, then h1 over it, then .box,
then the text of each paragraph over that.
